// Jest Snapshot v1, https://goo.gl/fbAQLP

exports[`Login Component renders Login renders itself 1`] = `undefined`;
